// Jest Snapshot v1, https://goo.gl/fbAQLP

exports[`Component <Breadcrumbs /> renders correctly 1`] = `
<withTheme(StyledComponent)
  background={1}
  width={1600}
>
  <Grid>
    <GridItem
      weight={0.8333333333333334}
    >
      <span>
        <Link
          className="breadcrumb__link"
          replace={false}
          to="/"
        >
          <withTheme(StyledComponent)
            icon="home"
          />
        </Link>
      </span>
      <span>
        <span>
           &gt; 
        </span>
        <Link
          className="breadcrumb__link"
          replace={false}
          to="/1"
        >
          b
        </Link>
      </span>
    </GridItem>
    <GridItem
      align="right"
      weight={0.16666666666666666}
    >
      <a
        onClick={[Function]}
      >
        Back
      </a>
    </GridItem>
  </Grid>
</withTheme(StyledComponent)>
`;
