// Jest Snapshot v1, https://goo.gl/fbAQLP

exports[`Component <Breadcrumbs /> renders correctly 1`] = `"<div class=\\"sc-ifAKCX gKMJlz\\"><div class=\\"wrapper__inner\\" style=\\"max-width:1600px;\\"><div class=\\"sc-bwzfXH ccDiJE\\"><div class=\\"sc-htpNat khXndI\\"><span><a class=\\"breadcrumb__link\\" href=\\"/\\"><i class=\\"sc-EHOje ACuXr fa fa-home\\"></i></a></span><span><span> &gt; </span><a class=\\"breadcrumb__link\\" href=\\"/href1\\">test1</a></span></div><div class=\\"gutter\\"></div><div class=\\"sc-htpNat crXzCP\\"><a>Back</a></div></div></div></div>"`;
