// Jest Snapshot v1, https://goo.gl/fbAQLP

exports[`<Modal /> snapshot 1`] = `
<div
  className="undefined"
>
  <div
    className="modal "
  />
  <withTheme(StyledComponent)
    onClick={[Function]}
    visible={true}
  />
</div>
`;

exports[`snapshot 1`] = `
<div
  className="undefined"
>
  <div
    className="modal "
  />
  <withTheme(StyledComponent)
    onClick={[Function]}
    visible={true}
  />
</div>
`;
