// Jest Snapshot v1, https://goo.gl/fbAQLP

exports[`<PaginationControls /> snapshot 1`] = `
<div
  className="undefined pagination"
>
  <div
    className="pagination__button"
    onClick={[Function]}
  >
    Left
  </div>
  <div
    className="pagination__button"
    onClick={[Function]}
  >
    Right
  </div>
</div>
`;
